// Jest Snapshot v1, https://goo.gl/fbAQLP

exports[`App should render correctly with no props 1`] = `
<div>
  <br />
  <PictureList />
  <PopularDishList />
  <ReviewsList />
</div>
`;

exports[`App should render text correctly with passing in props 1`] = `
<div>
  <br />
  <PictureList />
  <PopularDishList />
  <ReviewsList />
</div>
`;
